// Jest Snapshot v1, https://goo.gl/fbAQLP

exports[`Counter component matches the snapshot 1`] = `
<div>
  <p>
    Current count: 
    0
  </p>
  <button
    className="increment"
    onClick={[Function]}
  >
    Increment count
  </button>
  <button
    className="decrement"
    onClick={[Function]}
  >
    Decrement count
  </button>
</div>
`;
